[demo.felippepuhle.com.br/aero/index.html]
[backblue.gif]
[fade.gif]
[index.html]
[demo.felippepuhle.com.br/aero/bower_components/Materialize/dist/css/materialize.css]
[demo.felippepuhle.com.br/aero/bower_components/font-awesome/css/font-awesome.css]
[demo.felippepuhle.com.br/aero/bower_components/code-prettify/src/prettify.css]
[demo.felippepuhle.com.br/aero/css/admin.css]
[demo.felippepuhle.com.br/aero/css/themes/light.css]
[demo.felippepuhle.com.br/aero/css/themes/main/materialize-red.css]
[demo.felippepuhle.com.br/aero/css/themes/alternative/red.css]
[demo.felippepuhle.com.br/aero/css/theme-switcher.css]
[demo.felippepuhle.com.br/aero/css/pages/dashboard.css]
[demo.felippepuhle.com.br/aero/img/favicon.ico]
[demo.felippepuhle.com.br/aero/index-2.html]
[demo.felippepuhle.com.br/aero/img/logo.png]
[demo.felippepuhle.com.br/aero/documentation.html]
[demo.felippepuhle.com.br/aero/img/profile.jpg]
[demo.felippepuhle.com.br/aero/css_color.html]
[demo.felippepuhle.com.br/aero/css_grid.html]
[demo.felippepuhle.com.br/aero/css_helpers.html]
[demo.felippepuhle.com.br/aero/css_media.html]
[demo.felippepuhle.com.br/aero/css_sass.html]
[demo.felippepuhle.com.br/aero/css_shadow.html]
[demo.felippepuhle.com.br/aero/css_table.html]
[demo.felippepuhle.com.br/aero/css_typography.html]
[demo.felippepuhle.com.br/aero/components_badges.html]
[demo.felippepuhle.com.br/aero/components_buttons.html]
[demo.felippepuhle.com.br/aero/components_breadcrumbs.html]
[demo.felippepuhle.com.br/aero/components_cards.html]
[demo.felippepuhle.com.br/aero/components_chips.html]
[demo.felippepuhle.com.br/aero/components_collections.html]
[demo.felippepuhle.com.br/aero/components_footer.html]
[demo.felippepuhle.com.br/aero/components_forms.html]
[demo.felippepuhle.com.br/aero/components_icons.html]
[demo.felippepuhle.com.br/aero/components_navbar.html]
[demo.felippepuhle.com.br/aero/components_pagination.html]
[demo.felippepuhle.com.br/aero/components_preloader.html]
[demo.felippepuhle.com.br/aero/js_collapsible.html]
[demo.felippepuhle.com.br/aero/js_dialogs.html]
[demo.felippepuhle.com.br/aero/js_dropdown.html]
[demo.felippepuhle.com.br/aero/js_media.html]
[demo.felippepuhle.com.br/aero/js_modals.html]
[demo.felippepuhle.com.br/aero/js_parallax.html]
[demo.felippepuhle.com.br/aero/js_pushpin.html]
[demo.felippepuhle.com.br/aero/js_scrollfire.html]
[demo.felippepuhle.com.br/aero/js_scrollspy.html]
[demo.felippepuhle.com.br/aero/js_sidenav.html]
[demo.felippepuhle.com.br/aero/js_tabs.html]
[demo.felippepuhle.com.br/aero/js_transitions.html]
[demo.felippepuhle.com.br/aero/js_waves.html]
[demo.felippepuhle.com.br/aero/apps_crud.html]
[demo.felippepuhle.com.br/aero/apps_pricing_table.html]
[demo.felippepuhle.com.br/aero/apps_datatables.html]
[demo.felippepuhle.com.br/aero/apps_maps.html]
[demo.felippepuhle.com.br/aero/apps_charts.html]
[demo.felippepuhle.com.br/aero/pages_blank.html]
[demo.felippepuhle.com.br/aero/login.html]
[demo.felippepuhle.com.br/aero/register.html]
[demo.felippepuhle.com.br/aero/forgot_password.html]
[demo.felippepuhle.com.br/aero/error_400.html]
[demo.felippepuhle.com.br/aero/error_403.html]
[demo.felippepuhle.com.br/aero/error_404.html]
[demo.felippepuhle.com.br/aero/error_500.html]
[demo.felippepuhle.com.br/aero/profile.html]
[demo.felippepuhle.com.br/aero/app_datatables.html]
[demo.felippepuhle.com.br/aero/app_maps.html]
[demo.felippepuhle.com.br/aero/app_charts.html]
[demo.felippepuhle.com.br/aero/img/person-1.jpg]
[demo.felippepuhle.com.br/aero/img/person-2.jpg]
[demo.felippepuhle.com.br/aero/img/blog-cover.jpg]
[demo.felippepuhle.com.br/aero/bower_components/code-prettify/src/prettify.js]
[demo.felippepuhle.com.br/aero/bower_components/jquery/dist/jquery.js]
[demo.felippepuhle.com.br/aero/js/admin.js]
[demo.felippepuhle.com.br/aero/bower_components/Materialize/dist/js/materialize.js]
[demo.felippepuhle.com.br/aero/js/utils.js]
[demo.felippepuhle.com.br/aero/js/colors.js]
[demo.felippepuhle.com.br/aero/js/theme-switcher.js]
[demo.felippepuhle.com.br/aero/bower_components/amcharts3/amcharts/gauge.js]
[demo.felippepuhle.com.br/aero/bower_components/amcharts3/amcharts/serial.js]
[demo.felippepuhle.com.br/aero/bower_components/amcharts3/amcharts/themes/light.js]
[demo.felippepuhle.com.br/aero/bower_components/amcharts3/amcharts/amcharts.js]
[demo.felippepuhle.com.br/aero/bower_components/slimscroll/jquery.slimscroll.js]
[demo.felippepuhle.com.br/aero/index.html]
[demo.felippepuhle.com.br/aero/js/pages/dashboard.js]
[demo.felippepuhle.com.br/aero/bower_components/Materialize/dist/fonts/roboto/Roboto-Thin.html]
[demo.felippepuhle.com.br/aero/bower_components/Materialize/dist/fonts/roboto/Roboto-Thin.eot]
[demo.felippepuhle.com.br/aero/bower_components/Materialize/dist/fonts/roboto/Roboto-Thind41d.eot]
[demo.felippepuhle.com.br/aero/bower_components/Materialize/dist/fonts/roboto/Roboto-Thin.ttf]
[demo.felippepuhle.com.br/aero/bower_components/Materialize/dist/fonts/roboto/Roboto-Light.eot]
[demo.felippepuhle.com.br/aero/bower_components/Materialize/dist/fonts/roboto/Roboto-Thin.woff]
[demo.felippepuhle.com.br/aero/bower_components/Materialize/dist/fonts/roboto/Roboto-Light.html]
[demo.felippepuhle.com.br/aero/bower_components/Materialize/dist/fonts/roboto/Roboto-Lightd41d.eot]
[demo.felippepuhle.com.br/aero/bower_components/Materialize/dist/fonts/roboto/Roboto-Light.ttf]
[demo.felippepuhle.com.br/aero/bower_components/Materialize/dist/fonts/roboto/Roboto-Light.woff]
[demo.felippepuhle.com.br/aero/bower_components/Materialize/dist/fonts/roboto/Roboto-Regular.html]
[demo.felippepuhle.com.br/aero/bower_components/Materialize/dist/fonts/roboto/Roboto-Regular.eot]
[demo.felippepuhle.com.br/aero/bower_components/Materialize/dist/fonts/roboto/Roboto-Regulard41d.eot]
[demo.felippepuhle.com.br/aero/bower_components/Materialize/dist/fonts/roboto/Roboto-Medium.html]
[demo.felippepuhle.com.br/aero/bower_components/Materialize/dist/fonts/roboto/Roboto-Medium.eot]
[demo.felippepuhle.com.br/aero/bower_components/Materialize/dist/fonts/roboto/Roboto-Regular.woff]
[demo.felippepuhle.com.br/aero/bower_components/Materialize/dist/fonts/roboto/Roboto-Mediumd41d.eot]
[demo.felippepuhle.com.br/aero/bower_components/Materialize/dist/fonts/roboto/Roboto-Regular.ttf]
[demo.felippepuhle.com.br/aero/bower_components/Materialize/dist/fonts/roboto/Roboto-Bold.html]
[demo.felippepuhle.com.br/aero/bower_components/Materialize/dist/fonts/roboto/Roboto-Bold.eot]
[demo.felippepuhle.com.br/aero/bower_components/Materialize/dist/fonts/roboto/Roboto-Medium.woff]
[demo.felippepuhle.com.br/aero/bower_components/Materialize/dist/fonts/roboto/Roboto-Boldd41d.eot]
[demo.felippepuhle.com.br/aero/bower_components/Materialize/dist/css/materialize.css]
[demo.felippepuhle.com.br/aero/bower_components/Materialize/dist/fonts/roboto/Roboto-Medium.ttf]
[demo.felippepuhle.com.br/aero/bower_components/Materialize/dist/fonts/roboto/Roboto-Bold.woff]
[demo.felippepuhle.com.br/aero/bower_components/font-awesome/fonts/fontawesome-webfont3e6e.html]
[demo.felippepuhle.com.br/aero/bower_components/Materialize/dist/fonts/roboto/Roboto-Bold.ttf]
[demo.felippepuhle.com.br/aero/bower_components/font-awesome/fonts/fontawesome-webfont3e6e.ttf]
[demo.felippepuhle.com.br/aero/bower_components/font-awesome/fonts/fontawesome-webfont3e6e.eot]
[demo.felippepuhle.com.br/aero/bower_components/font-awesome/fonts/fontawesome-webfontd41d.eot]
[demo.felippepuhle.com.br/aero/bower_components/font-awesome/css/font-awesome.css]
[demo.felippepuhle.com.br/aero/bower_components/code-prettify/src/prettify.css]
[demo.felippepuhle.com.br/aero/css/admin.css]
[demo.felippepuhle.com.br/aero/css/themes/light.css]
[demo.felippepuhle.com.br/aero/css/themes/main/materialize-red.css]
[demo.felippepuhle.com.br/aero/css/themes/alternative/red.css]
[demo.felippepuhle.com.br/aero/css/theme-switcher.css]
[demo.felippepuhle.com.br/aero/css/pages/dashboard.css]
[demo.felippepuhle.com.br/aero/index-2.html]
[demo.felippepuhle.com.br/aero/img/documentation/bower-install.png]
[demo.felippepuhle.com.br/aero/bower_components/font-awesome/fonts/fontawesome-webfont3e6e.svg]
[demo.felippepuhle.com.br/aero/img/documentation/npm-install.png]
[demo.felippepuhle.com.br/aero/img/documentation/npm-run-gulp.png]
[demo.felippepuhle.com.br/aero/bower_components/font-awesome/fonts/fontawesome-webfont3e6e.woff]
[demo.felippepuhle.com.br/aero/img/documentation/html-menu.png]
[demo.felippepuhle.com.br/aero/img/documentation/html-content.png]
[demo.felippepuhle.com.br/aero/img/documentation/html-footer.png]
[demo.felippepuhle.com.br/aero/img/documentation/html-css.png]
[demo.felippepuhle.com.br/aero/img/documentation/html-js.png]
[demo.felippepuhle.com.br/aero/documentation.html]
[demo.felippepuhle.com.br/aero/js/table-of-contents.js]
[demo.felippepuhle.com.br/aero/css_color.html]
[demo.felippepuhle.com.br/aero/css/pages/css_color.css]
[demo.felippepuhle.com.br/aero/css/pages/css_grid.css]
[demo.felippepuhle.com.br/aero/css/apps/browser.css]
[demo.felippepuhle.com.br/aero/css_grid.html]
[demo.felippepuhle.com.br/aero/css/apps/pricing-table.css]
[demo.felippepuhle.com.br/aero/css/pages/css_helpers.css]
[demo.felippepuhle.com.br/aero/img/sample-1.jpg]
[demo.felippepuhle.com.br/aero/css_helpers.html]
[demo.felippepuhle.com.br/aero/css/pages/css_media.css]
[demo.felippepuhle.com.br/aero/img/yuna.jpg]
[demo.felippepuhle.com.br/aero/css_media.html]
[demo.felippepuhle.com.br/aero/css_sass.html]
[demo.felippepuhle.com.br/aero/css_shadow.html]
[demo.felippepuhle.com.br/aero/css_table.html]
[demo.felippepuhle.com.br/aero/css/pages/css_shadow.css]
[demo.felippepuhle.com.br/aero/img/css-typography-roboto.png]
[demo.felippepuhle.com.br/aero/css_typography.html]
[demo.felippepuhle.com.br/aero/components_badges.html]
[demo.felippepuhle.com.br/aero/components_buttons.html]
[demo.felippepuhle.com.br/aero/components_breadcrumbs.html]
[demo.felippepuhle.com.br/aero/img/office.jpg]
[demo.felippepuhle.com.br/aero/components_cards.html]
[demo.felippepuhle.com.br/aero/js/pages/components_chips.js]
[demo.felippepuhle.com.br/aero/components_chips.html]
[demo.felippepuhle.com.br/aero/components_collections.html]
[demo.felippepuhle.com.br/aero/components_footer.html]
[demo.felippepuhle.com.br/aero/bower_components/Materialize/extras/noUiSlider/nouislider.css]
[demo.felippepuhle.com.br/aero/bower_components/Materialize/extras/noUiSlider/nouislider.js]
[demo.felippepuhle.com.br/aero/js/pages/components_forms.js]
[demo.felippepuhle.com.br/aero/components_forms.html]
[demo.felippepuhle.com.br/aero/css/pages/components_icons.css]
[demo.felippepuhle.com.br/aero/components_icons.html]
[demo.felippepuhle.com.br/aero/sass.html]
[demo.felippepuhle.com.br/aero/badges.html]
[demo.felippepuhle.com.br/aero/collapsible.html]
[demo.felippepuhle.com.br/aero/mobile.html]
[demo.felippepuhle.com.br/aero/components_navbar.html]
[demo.felippepuhle.com.br/aero/components_pagination.html]
[demo.felippepuhle.com.br/aero/components_preloader.html]
[demo.felippepuhle.com.br/aero/js_collapsible.html]
[demo.felippepuhle.com.br/aero/js_dialogs.html]
[demo.felippepuhle.com.br/aero/js_dropdown.html]
[demo.felippepuhle.com.br/aero/js/pages/js_dialogs.js]
[demo.felippepuhle.com.br/aero/css/pages/js_media.css]
[demo.felippepuhle.com.br/aero/js_media.html]
[demo.felippepuhle.com.br/aero/js_modals.html]
[demo.felippepuhle.com.br/aero/js_parallax.html]
[demo.felippepuhle.com.br/aero/js_pushpin.html]
[demo.felippepuhle.com.br/aero/js/pages/js_media.js]
[demo.felippepuhle.com.br/aero/css/pages/js_scrollfire.css]
[demo.felippepuhle.com.br/aero/js_scrollfire.html]
[demo.felippepuhle.com.br/aero/js_scrollspy.html]
[demo.felippepuhle.com.br/aero/js_sidenav.html]
[demo.felippepuhle.com.br/aero/js_tabs.html]
[demo.felippepuhle.com.br/aero/js/pages/js_scrollfire.js]
[demo.felippepuhle.com.br/aero/css/pages/js_transitions.css]
[demo.felippepuhle.com.br/aero/js_transitions.html]
[demo.felippepuhle.com.br/aero/js_waves.html]
[demo.felippepuhle.com.br/aero/css/pages/js_waves.css]
[demo.felippepuhle.com.br/aero/css/apps/crud.css]
[demo.felippepuhle.com.br/aero/apps_crud_form.html]
[demo.felippepuhle.com.br/aero/js/modals.js]
[demo.felippepuhle.com.br/aero/bower_components/datatables/media/js/jquery.dataTables.js]
[demo.felippepuhle.com.br/aero/js/lock.js]
[demo.felippepuhle.com.br/aero/apps_crud.html]
[demo.felippepuhle.com.br/aero/apps_pricing_table.html]
[demo.felippepuhle.com.br/aero/js/apps/crud_list.js]
[demo.felippepuhle.com.br/aero/apps_datatables.html]
[demo.felippepuhle.com.br/aero/js/apps/datatables.js]
[demo.felippepuhle.com.br/aero/css/apps/maps.css]
[demo.felippepuhle.com.br/aero/bower_components/ammap3/ammap/ammap.js]
[demo.felippepuhle.com.br/aero/bower_components/ammap3/ammap/themes/light.js]
[demo.felippepuhle.com.br/aero/apps_maps.html]
[demo.felippepuhle.com.br/aero/js/apps/maps.js]
[demo.felippepuhle.com.br/aero/bower_components/ammap3/ammap/maps/js/worldLow.js]
[demo.felippepuhle.com.br/aero/css/apps/charts.css]
[www.gstatic.com/charts/loader.js]
[demo.felippepuhle.com.br/aero/bower_components/amcharts3/amcharts/pie.js]
[demo.felippepuhle.com.br/aero/apps_charts.html]
[demo.felippepuhle.com.br/aero/pages_blank.html]
[demo.felippepuhle.com.br/aero/js/apps/charts.js]
[demo.felippepuhle.com.br/aero/login.html]
[demo.felippepuhle.com.br/aero/register.html]
[demo.felippepuhle.com.br/aero/forgot_password.html]
[demo.felippepuhle.com.br/aero/css/login.css]
[demo.felippepuhle.com.br/aero/error_400.html]
[demo.felippepuhle.com.br/aero/error_403.html]
[demo.felippepuhle.com.br/aero/error_404.html]
[demo.felippepuhle.com.br/aero/error_500.html]
[demo.felippepuhle.com.br/aero/css/error.css]
[demo.felippepuhle.com.br/aero/css/pages/profile.css]
[demo.felippepuhle.com.br/aero/img/gallery-1.jpg]
[demo.felippepuhle.com.br/aero/img/gallery-2.jpg]
[demo.felippepuhle.com.br/aero/img/gallery-3.jpg]
[demo.felippepuhle.com.br/aero/img/gallery-4.jpg]
[demo.felippepuhle.com.br/aero/img/gallery-5.jpg]
[demo.felippepuhle.com.br/aero/img/gallery-6.jpg]
[demo.felippepuhle.com.br/aero/profile.html]
[demo.felippepuhle.com.br/aero/app_datatables.html]
[demo.felippepuhle.com.br/aero/app_maps.html]
[demo.felippepuhle.com.br/aero/app_charts.html]
[demo.felippepuhle.com.br/aero/bower_components/Materialize/dist/fonts/roboto/Roboto-Thin.html]
[demo.felippepuhle.com.br/aero/bower_components/Materialize/dist/fonts/roboto/Roboto-Light.html]
[demo.felippepuhle.com.br/aero/bower_components/Materialize/dist/fonts/roboto/Roboto-Regular.html]
[demo.felippepuhle.com.br/aero/bower_components/Materialize/dist/fonts/roboto/Roboto-Medium.html]
[demo.felippepuhle.com.br/aero/bower_components/Materialize/dist/fonts/roboto/Roboto-Bold.html]
[demo.felippepuhle.com.br/aero/bower_components/font-awesome/fonts/fontawesome-webfont3e6e.html]
[demo.felippepuhle.com.br/aero/bower_components/font-awesome/fonts/fontawesome-webfont3e6e.svg]
[demo.felippepuhle.com.br/aero/css/pages/css_color.css]
[demo.felippepuhle.com.br/aero/css/pages/css_grid.css]
[demo.felippepuhle.com.br/aero/css/apps/browser.css]
[demo.felippepuhle.com.br/aero/css/apps/pricing-table.css]
[demo.felippepuhle.com.br/aero/css/pages/css_helpers.css]
[demo.felippepuhle.com.br/aero/css/pages/css_media.css]
[demo.felippepuhle.com.br/aero/css/pages/css_shadow.css]
[demo.felippepuhle.com.br/aero/bower_components/Materialize/extras/noUiSlider/nouislider.css]
[demo.felippepuhle.com.br/aero/css/pages/components_icons.css]
[demo.felippepuhle.com.br/aero/sass.html]
[demo.felippepuhle.com.br/aero/badges.html]
[demo.felippepuhle.com.br/aero/collapsible.html]
[demo.felippepuhle.com.br/aero/mobile.html]
[demo.felippepuhle.com.br/aero/css/pages/js_media.css]
[demo.felippepuhle.com.br/aero/css/pages/js_scrollfire.css]
[demo.felippepuhle.com.br/aero/css/pages/js_transitions.css]
[demo.felippepuhle.com.br/aero/css/pages/js_waves.css]
[demo.felippepuhle.com.br/aero/css/apps/crud.css]
[demo.felippepuhle.com.br/aero/bower_components/blueimp-file-upload/css/jquery.fileupload.css]
[demo.felippepuhle.com.br/aero/bower_components/select2/dist/css/select2.min.css]
[demo.felippepuhle.com.br/aero/bower_components/blueimp-file-upload/js/vendor/jquery.ui.widget.js]
[demo.felippepuhle.com.br/aero/bower_components/blueimp-load-image/js/load-image.all.min.js]
[demo.felippepuhle.com.br/aero/bower_components/blueimp-canvas-to-blob/js/canvas-to-blob.js]
[demo.felippepuhle.com.br/aero/bower_components/blueimp-file-upload/js/jquery.iframe-transport.js]
[demo.felippepuhle.com.br/aero/bower_components/blueimp-file-upload/js/jquery.fileupload.js]
[demo.felippepuhle.com.br/aero/bower_components/blueimp-file-upload/js/jquery.fileupload-process.js]
[demo.felippepuhle.com.br/aero/bower_components/blueimp-file-upload/js/jquery.fileupload-image.js]
[demo.felippepuhle.com.br/aero/bower_components/blueimp-file-upload/js/jquery.fileupload-audio.js]
[demo.felippepuhle.com.br/aero/bower_components/blueimp-file-upload/js/jquery.fileupload-video.js]
[demo.felippepuhle.com.br/aero/bower_components/blueimp-file-upload/js/jquery.fileupload-validate.js]
[demo.felippepuhle.com.br/aero/bower_components/blueimp-file-upload/js/jquery.fileupload-ui.js]
[demo.felippepuhle.com.br/aero/bower_components/blueimp-tmpl/js/tmpl.js]
[demo.felippepuhle.com.br/aero/bower_components/select2/dist/js/select2.min.js]
[demo.felippepuhle.com.br/aero/apps_crud_form.html]
[demo.felippepuhle.com.br/aero/css/apps/maps.css]
[demo.felippepuhle.com.br/aero/css/apps/charts.css]
[demo.felippepuhle.com.br/aero/css/login.css]
[demo.felippepuhle.com.br/aero/css/error.css]
[demo.felippepuhle.com.br/aero/css/pages/profile.css]
[demo.felippepuhle.com.br/aero/bower_components/blueimp-file-upload/css/jquery.fileupload.css]
[demo.felippepuhle.com.br/aero/bower_components/select2/dist/css/select2.min.css]
[demo.felippepuhle.com.br/aero/js/apps/crud_form.js]
[th01.deviantart.net/fs70/PRE/i/2013/126/1/e/nature_portrait_by_pw_fotografie-d63tx0n.jpg]
[unsplash.imgix.net/reserve/nE6neNVdRPSIasnmePZe_IMG_1950b51f.jpg]
